[4writers.net/manifest.json]
[backblue.gif]
[fade.gif]
[index.html]
[4writers.net/files/icons/icon-192x192.png]
[4writers.net/favicon.ico]
[4writers.net/files/fonts/font-awesome/fonts/fontawesome-webfont3e6e.woff2]
[4writers.net/files/fonts/museo-sans/museosans-300.woff]
[4writers.net/files/fonts/museo-sans/museosans-500.woff]
[4writers.net/files/fonts/museo-sans/museosans-700.woff]
[4writers.net/files/fonts/museo-sans/museosans-300italic.woff]
[4writers.net/files/fonts/museo-sans/museosans-500italic.woff]
[4writers.net/files/fonts/museo-sans/museosans-700italic.woff]
[4writers.net/files/script.mined48.js]
[www.google-analytics.com/analytics.js]
[connect.facebook.net/en_US/fbevents.js]
[4writers.net/files/images/theme/logo-640.png]
[4writers.net/files/images/theme/logo.png]
[4writers.net/files/images/theme/icon1.png]
[4writers.net/files/images/theme/icon2.png]
[4writers.net/files/images/theme/icon3.png]
[4writers.net/files/images/theme/icon4.png]
[4writers.net/files/images/theme/icon5.png]
[4writers.net/files/images/theme/offer-pic.png]
[4writers.net/files/images/theme/advan-pic.png]
[4writers.net/files/images/theme/form-pic.png]
[4writers.net/files/autosize/autosize.min.js]
[4writers.net/files/tiny-slider/min/tiny-slider.js]
[4writers.net/files/images/theme/writing-blog-pic.png]
[4writers.net/files/images/theme/logo-footer.png]
[4writers.net/files/pwa618c.js]
[4writers.net/swf8de.js]
[4writers.net/index.html]
[4writers.net/files/bootstrap/fonts/glyphicons-halflings-regular.eot]
[4writers.net/files/bootstrap/fonts/glyphicons-halflings-regular.woff2]
[4writers.net/files/bootstrap/fonts/glyphicons-halflings-regular.woff]
[4writers.net/files/bootstrap/fonts/glyphicons-halflings-regulard41d.eot]
[4writers.net/files/bootstrap/fonts/glyphicons-halflings-regular.ttf]
[4writers.net/files/fonts/font-awesome/fonts/fontawesome-webfont3e6e.eot]
[4writers.net/files/fonts/font-awesome/fonts/fontawesome-webfontd41d.eot]
[4writers.net/files/fonts/font-awesome/fonts/fontawesome-webfont3e6e.woff]
[4writers.net/files/fonts/font-awesome/fonts/fontawesome-webfont3e6e.ttf]
[4writers.net/files/fonts/material-icons/MaterialIcons-Regular.eot]
[4writers.net/files/fonts/material-icons/MaterialIcons-Regular.woff2]
[4writers.net/files/fonts/material-icons/MaterialIcons-Regular.woff]
[4writers.net/files/fonts/material-icons/MaterialIcons-Regular.ttf]
[4writers.net/files/fonts/museo-sans/museosans-100.eot]
[4writers.net/files/fonts/museo-sans/museosans-100.woff]
[4writers.net/files/fonts/museo-sans/museosans-100d41d.eot]
[4writers.net/files/fonts/museo-sans/museosans-100.ttf]
[4writers.net/files/fonts/museo-sans/museosans-100italic.eot]
[4writers.net/files/fonts/museo-sans/museosans-100italic.woff]
[4writers.net/files/fonts/museo-sans/museosans-100italicd41d.eot]
[4writers.net/files/fonts/museo-sans/museosans-100italic.ttf]
[4writers.net/files/fonts/museo-sans/museosans-300.eot]
[4writers.net/files/fonts/museo-sans/museosans-300.ttf]
[4writers.net/files/fonts/museo-sans/museosans-300d41d.eot]
[4writers.net/files/fonts/museo-sans/museosans-300italic.eot]
[4writers.net/files/fonts/museo-sans/museosans-300italic.ttf]
[4writers.net/files/fonts/museo-sans/museosans-300italicd41d.eot]
[4writers.net/files/fonts/museo-sans/museosans-500.eot]
[4writers.net/files/fonts/museo-sans/museosans-500.ttf]
[4writers.net/files/fonts/museo-sans/museosans-500d41d.eot]
[4writers.net/files/fonts/museo-sans/museosans-500italic.eot]
[4writers.net/files/fonts/museo-sans/museosans-500italic.ttf]
[4writers.net/files/fonts/museo-sans/museosans-500italicd41d.eot]
[4writers.net/files/fonts/museo-sans/museosans-700.eot]
[4writers.net/files/fonts/museo-sans/museosans-700.ttf]
[4writers.net/files/fonts/museo-sans/museosans-700d41d.eot]
[4writers.net/files/fonts/museo-sans/museosans-700italic.eot]
[4writers.net/files/fonts/museo-sans/museosans-700italic.ttf]
[4writers.net/files/fonts/museo-sans/museosans-900.eot]
[4writers.net/files/fonts/museo-sans/museosans-700italicd41d.eot]
[4writers.net/files/fonts/museo-sans/museosans-900.woff]
[4writers.net/files/fonts/museo-sans/museosans-900d41d.eot]
[4writers.net/files/fonts/museo-sans/museosans-900.ttf]
[4writers.net/files/fonts/museo-sans/museosans-900italic.eot]
[4writers.net/files/fonts/museo-sans/museosans-900italic.woff]
[4writers.net/files/fonts/museo-sans/museosans-900italicd41d.eot]
[4writers.net/files/fonts/museo-sans/museosans-900italic.ttf]
[4writers.net/files/images/theme/slider-bg.png]
[4writers.net/files/images/theme/zoom.png]
[4writers.net/files/images/theme/papers.png]
[4writers.net/files/images/theme/pen.png]
[4writers.net/files/images/theme/our-team.png]
[4writers.net/files/images/theme/list-mark.png]
[4writers.net/files/images/theme/need-help-bg.png]
[4writers.net/files/images/theme/testim-bg.png]
[4writers.net/files/images/theme/about-us-h1-bg.png]
[4writers.net/files/images/theme/list-style.png]
[4writers.net/files/images/theme/before-footer-text-page.png]
[4writers.net/files/images/theme/steps-mark.png]
[4writers.net/files/images/theme/slider-prev.gif]
[4writers.net/files/images/theme/slider-next.gif]
[4writers.net/files/images/template/menu-line.gif]
[4writers.net/files/images/template/registartion.gif]
[4writers.net/files/images/template/login-input.gif]
[4writers.net/files/images/template/login-user.gif]
[4writers.net/files/images/template/footer.gif]
[4writers.net/files/images/template/footer2.gif]
[4writers.net/files/images/template/menu-bg.gif]
[4writers.net/files/images/template/menu-closed.gif]
[4writers.net/files/images/template/menu-open.gif]
[4writers.net/files/images/template/panel-sidebar-t.gif]
[4writers.net/files/images/template/panel-sidebar-c.gif]
[4writers.net/files/images/template/panel-sidebar-b.gif]
[4writers.net/files/images/template/panel-sidebar-t2.gif]
[4writers.net/files/images/template/panel-sidebar-c2.gif]
[4writers.net/files/images/template/panel-sidebar-b2.gif]
[4writers.net/files/images/user/a.gif]
[4writers.net/files/images/sidebar-red.gif]
[4writers.net/files/images/sidebar-blue.gif]
[4writers.net/files/images/user/lt.gif]
[4writers.net/files/images/user/rt.gif]
[4writers.net/files/images/user/ct.gif]
[4writers.net/files/images/user/lb.gif]
[4writers.net/files/images/user/rb.gif]
[4writers.net/files/images/user/cb.gif]
[4writers.net/files/images/user/button-l.gif]
[4writers.net/files/images/user/button-r.gif]
[4writers.net/files/images/user/button-hot-l.gif]
[4writers.net/files/images/user/button-hot-r.gif]
[4writers.net/files/images/user/button1.gif]
[4writers.net/files/images/user/button2.gif]
[4writers.net/files/images/orders/pattern.gif]
[4writers.net/files/images/orders/dark_line.gif]
[4writers.net/files/images/orders/but_pattern.gif]
[4writers.net/files/images/template/panel-center.gif]
[4writers.net/files/images/template/panel-bottom.gif]
[4writers.net/files/images/template/li-1.gif]
[4writers.net/files/images/template/li-2.gif]
[4writers.net/files/images/template/li.gif]
[4writers.net/files/images/template/h2.gif]
[4writers.net/files/img/title-bg.gif]
[4writers.net/files/images/box/lt.gif]
[4writers.net/files/images/box/ct.gif]
[4writers.net/files/images/box/box_bg.gif]
[4writers.net/files/icons/payment-methods-bg-1.png]
[4writers.net/files/icons/payment-methods-bg-2.png]
[4writers.net/files/style.min9f88.css]
[connect.facebook.net/en_US/fbevents.js]
[4writers.net/login/index.html]
[4writers.net/profile/index.html]
[4writers.net/files/images/theme/about-us-pic.png]
[4writers.net/files/images/theme/serios-team.png]
[4writers.net/files/images/theme/join-team.png]
[4writers.net/about-us/index.html]
[4writers.net/files/icons/extra-bonus.jpg]
[4writers.net/prices/index.html]
[4writers.net/files/images/theme/howweworks-pic.png]
[4writers.net/files/images/theme/Layer-117-copy.png]
[4writers.net/files/images/theme/Layer-21-copy-2.png]
[4writers.net/files/images/theme/Layer-19-copy.png]
[4writers.net/files/images/theme/Layer-173.png]
[4writers.net/files/images/theme/Layer-174.png]
[4writers.net/files/images/theme/Layer-175.png]
[4writers.net/files/images/theme/Layer-176.png]
[4writers.net/how-we-work/index.html]
[4writers.net/files/images/theme/with-us-pic.png]
[4writers.net/latest-orders/index.html]
[4writers.net/support/index.html]
[4writers.net/files/images/theme/need-help-pic.png]
[4writers.net/need-help.html]
[4writers.net/files/tiny-slider/tiny-slider.css]
[4writers.net/blog/wp-json/index.html]
[4writers.net/blog/wp-json/wp/v2/categories/1.json]
[4writers.net/blog/xmlrpc0db0.php]
[4writers.net/blog/topic/business_writing_jobs/index.html]
[4writers.net/blog/wp-json/wp/v2/categories/2.json]
[4writers.net/blog/topic/careers_in_writing/index.html]
[4writers.net/blog/wp-json/wp/v2/categories/3.json]
[4writers.net/blog/topic/dissertation_advice/index.html]
[4writers.net/blog/wp-json/wp/v2/categories/4.json]
[4writers.net/blog/topic/freelance_writing/index.html]
[4writers.net/blog/wp-json/wp/v2/categories/6.json]
[4writers.net/blog/topic/writer_jobs/index.html]
[4writers.net/blog/wp-json/wp/v2/categories/7.json]
[4writers.net/blog/topic/writing_tips/index.html]
[4writers.net/blog/wp-json/wp/v2/posts/2706.json]
[4writers.net/blog/wp-json/oembed/1.0/embedfd12.json]
[4writers.net/blog/wp-json/oembed/1.0/embed3ae3]
[4writers.net/blog/wp-content/uploads/2021/08/Conclusions.png]
[4writers.net/blog/importance-of-conclusion-in-academic-writing/index.html]
[4writers.net/media/h_advantages.jpg]
[4writers.net/advantages/index.html]
[4writers.net/media/h_faq.jpg]
[4writers.net/faq/index.html]
[4writers.net/blog/importance-of-conclusion-in-academic-writing/feed/index.html]
[4writers.net/blog/index.html]
[4writers.net/images/1600x1200/office/DSC_4365.jpg]
[4writers.net/images/300x225/office/DSC_4365.jpg]
[4writers.net/images/1600x1200/office/DSC_4366.jpg]
[4writers.net/images/300x225/office/DSC_4366.jpg]
[4writers.net/images/1600x1200/office/DSC_4367.jpg]
[4writers.net/images/300x225/office/DSC_4367.jpg]
[4writers.net/images/1600x1200/office/DSC_4368.jpg]
[4writers.net/images/300x225/office/DSC_4368.jpg]
[4writers.net/images/1600x1200/office/DSC_4375.jpg]
[4writers.net/images/300x225/office/DSC_4375.jpg]
[4writers.net/images/1600x1200/office/DSC_4376.jpg]
[4writers.net/images/300x225/office/DSC_4376.jpg]
[4writers.net/images/1600x1200/office/DSC_4379.jpg]
[4writers.net/images/300x225/office/DSC_4379.jpg]
[4writers.net/images/1600x1200/office/DSC_4387.jpg]
[4writers.net/images/300x225/office/DSC_4387.jpg]
[4writers.net/images/1600x1200/office/DSC_4389.jpg]
[4writers.net/images/300x225/office/DSC_4389.jpg]
[4writers.net/images/1600x1200/office/DSC_4394.jpg]
[4writers.net/images/300x225/office/DSC_4394.jpg]
[4writers.net/images/1600x1200/office/DSC_4398.jpg]
[4writers.net/images/300x225/office/DSC_4398.jpg]
[4writers.net/photos/index.html]
[4writers.net/files/images/avatar.png]
[4writers.net/files/img/gray-star.gif]
[4writers.net/feedbacks/index.html]
[4writers.net/employees/index.html]
[4writers.net/media/h_policies.jpg]
[4writers.net/policies/index.html]
[4writers.net/webpush.php]
[4writers.net/files/bootstrap/fonts/glyphicons-halflings-regular.svg]
[4writers.net/files/fonts/font-awesome/fonts/fontawesome-webfont3e6e.svg]
[4writers.net/images/640-our-team.html]
[4writers.net/c/index.html]
[4writers.net/b/index.html]
[4writers.net/POST/index.html]
[4writers.net/about-us/manifest.html]
[4writers.net/about-us/files/icons/icon-192x192.html]
[4writers.net/files/icons/timely-communication.svg]
[4writers.net/files/icons/bonuses-tips.svg]
[4writers.net/files/icons/professional-development.svg]
[4writers.net/files/icons/abundance-orders.svg]
[4writers.net/files/icons/be-manager.svg]
[4writers.net/files/icons/work-from-any-location.svg]
[4writers.net/prices/manifest.html]
[4writers.net/prices/files/icons/icon-192x192.html]
[4writers.net/files/icons/delivery-time.svg]
[4writers.net/files/icons/orders-level.svg]
[4writers.net/files/icons/pages.svg]
[4writers.net/files/icons/academic-writing.svg]
[4writers.net/files/icons/editing.svg]
[4writers.net/files/icons/resume.svg]
[4writers.net/files/icons/dissertation.svg]
[4writers.net/files/icons/wire-transfer.svg]
[4writers.net/files/icons/pay-pal.svg]
[4writers.net/files/icons/bank-cards.svg]
[4writers.net/how-we-work/manifest.html]
[4writers.net/how-we-work/files/icons/icon-192x192.html]
[4writers.net/latest-orders/manifest.html]
[4writers.net/latest-orders/files/icons/icon-192x192.html]
[4writers.net/blog/wp-json/wp/v2/posts/1180.json]
[4writers.net/blog/tips-on-how-to-write-the-content-professionally/feed/index.html]
[4writers.net/blog/wp-json/oembed/1.0/embed68ac.json]
[4writers.net/blog/wp-json/oembed/1.0/embed632f]
[4writers.net/blog/wp-content/uploads/2017/08/4writers_Tips-on-How-to-Write-the-Content-Professionally.jpg]
[4writers.net/blog/tips-on-how-to-write-the-content-professionally/index.html]
[4writers.net/blog/wp-json/wp/v2/posts/1099.json]
[4writers.net/blog/7-reasons-for-choosing-a-company-when-being-a-freelancer/feed/index.html]
[4writers.net/blog/wp-json/oembed/1.0/embeda5ff.json]
[4writers.net/blog/wp-json/oembed/1.0/embed9558]
[4writers.net/blog/wp-content/uploads/2016/12/4writers_Reasons-for-Choosing-a-Company-When-Being-a-Freelancer.jpg]
[4writers.net/blog/7-reasons-for-choosing-a-company-when-being-a-freelancer/index.html]
[4writers.net/blog/wp-json/wp/v2/posts/790.json]
[4writers.net/blog/the_best_time_to_be_a_freelance_writer/feed/index.html]
[4writers.net/blog/wp-json/oembed/1.0/embedf639.json]
[4writers.net/blog/wp-json/oembed/1.0/embed7a5d]
[4writers.net/blog/the_best_time_to_be_a_freelance_writer/index.html]
[4writers.net/blog/wp-json/wp/v2/posts/789.json]
[4writers.net/blog/taking_pleasure_from_a_freelance_writing_project/feed/index.html]
[4writers.net/blog/wp-json/oembed/1.0/embed836f.json]
[4writers.net/blog/wp-json/oembed/1.0/embed35cf]
[4writers.net/blog/taking_pleasure_from_a_freelance_writing_project/index.html]
[4writers.net/blog/wp-json/wp/v2/posts/787.json]
[4writers.net/blog/qualities_of_a_successful_freelance_writer/feed/index.html]
[4writers.net/blog/wp-json/oembed/1.0/embed8a4e.json]
[4writers.net/blog/wp-json/oembed/1.0/embedca9c]
[4writers.net/blog/qualities_of_a_successful_freelance_writer/index.html]
[4writers.net/blog/wp-json/wp/v2/posts/786.json]
[4writers.net/blog/a_question_about_freelance_writing_income/feed/index.html]
[4writers.net/blog/wp-json/oembed/1.0/embede3c7.json]
[4writers.net/blog/wp-json/oembed/1.0/embed9a64]
[4writers.net/blog/a_question_about_freelance_writing_income/index.html]
[4writers.net/blog/wp-json/wp/v2/posts/785.json]
[4writers.net/blog/getting_the_hang_of_your_freelance_writing_career/feed/index.html]
[4writers.net/blog/wp-json/oembed/1.0/embed7161.json]
[4writers.net/blog/wp-json/oembed/1.0/embedd564]
[4writers.net/blog/getting_the_hang_of_your_freelance_writing_career/index.html]
[4writers.net/blog/wp-json/wp/v2/posts/782.json]
[4writers.net/blog/freelance_writing_is_it_the_career_for_me/feed/index.html]
[4writers.net/blog/wp-json/oembed/1.0/embed623d.json]
[4writers.net/blog/wp-json/oembed/1.0/embed7479]
[4writers.net/blog/freelance_writing_is_it_the_career_for_me/index.html]
[4writers.net/blog/2021/08/index.html]
[4writers.net/blog/2021/07/index.html]
[4writers.net/blog/2021/06/index.html]
[4writers.net/blog/2021/05/index.html]
[4writers.net/blog/2021/04/index.html]
[4writers.net/blog/2021/03/index.html]
[4writers.net/blog/2021/02/index.html]
[4writers.net/blog/2021/01/index.html]
[4writers.net/blog/wp-json/wp/v2/posts/900.json]
[4writers.net/blog/5-insights-successful-freelance-writer/feed/index.html]
[4writers.net/blog/wp-json/oembed/1.0/embed12a2.json]
[4writers.net/blog/wp-json/oembed/1.0/embed97aa]
[4writers.net/blog/wp-content/uploads/2016/09/5-Insights-on-becoming-a-successful-freelance-writer.jpg]
[4writers.net/blog/5-insights-successful-freelance-writer/index.html]
[4writers.net/blog/wp-json/wp/v2/posts/933.json]
[4writers.net/blog/how-writing-essays-makes-my-life-more-interesting-every-day/feed/index.html]
[4writers.net/blog/wp-json/oembed/1.0/embed3589.json]
[4writers.net/blog/wp-json/oembed/1.0/embed1429]
[4writers.net/blog/wp-content/uploads/2016/10/How-writing-essays-makes-my-life-more-interesting-every-day-1024x682.jpg]
[4writers.net/blog/how-writing-essays-makes-my-life-more-interesting-every-day/index.html]
[4writers.net/blog/freelance-writing-for-and-against/feed/index.html]
[4writers.net/blog/wp-json/wp/v2/posts/1049.json]
[4writers.net/blog/wp-json/oembed/1.0/embed8427.json]
[4writers.net/blog/wp-json/oembed/1.0/embed31fc]
[4writers.net/blog/wp-content/uploads/2016/11/Freelance-writing-for-and-against.jpg]
[4writers.net/blog/freelance-writing-for-and-against/index.html]
[4writers.net/blog/wp-json/wp/v2/posts/1102.json]
[4writers.net/blog/how-to-receive-positive-customer-feedback/feed/index.html]
[4writers.net/blog/wp-json/oembed/1.0/embed0735.json]
[4writers.net/blog/wp-json/oembed/1.0/embedc3af]
[4writers.net/blog/wp-content/uploads/2016/12/4writers_How-to-Receive-Positive-Customer-Feedback.jpg]
[4writers.net/blog/how-to-receive-positive-customer-feedback/index.html]
[4writers.net/blog/wp-json/wp/v2/posts/1116.json]
[4writers.net/blog/how-to-avoid-a-burnout-if-you-write-much/feed/index.html]
[4writers.net/blog/wp-json/oembed/1.0/embed7d73.json]
[4writers.net/blog/wp-json/oembed/1.0/embed85de]
[4writers.net/blog/wp-content/uploads/2017/01/4writers_How-to-Avoid-a-Burnout-if-You-Write-Much.jpg]
[4writers.net/blog/how-to-avoid-a-burnout-if-you-write-much/index.html]
[4writers.net/blog/wp-json/wp/v2/posts/1113.json]
[4writers.net/blog/6-challenges-a-new-freelance-writer-may-face/feed/index.html]
[4writers.net/blog/wp-json/oembed/1.0/embed8ad8.json]
[4writers.net/blog/wp-json/oembed/1.0/embed9188]
[4writers.net/blog/wp-content/uploads/2017/01/4writers_Challenges-a-New-Freelance-Writer-May-Face.jpg]
[4writers.net/blog/6-challenges-a-new-freelance-writer-may-face/index.html]
[4writers.net/blog/wp-json/wp/v2/posts/819.json]
[4writers.net/blog/my_freelance_writing_journey/feed/index.html]
[4writers.net/blog/wp-json/oembed/1.0/embedc91e.json]
[4writers.net/blog/wp-json/oembed/1.0/embeddad2]
[4writers.net/blog/my_freelance_writing_journey/index.html]
[4writers.net/blog/wp-json/wp/v2/posts/816.json]
[4writers.net/blog/working_hard_has_always_been_the_key_to_success/feed/index.html]
[4writers.net/blog/wp-json/oembed/1.0/embede5f6.json]
[4writers.net/blog/wp-json/oembed/1.0/embeddf43]
[4writers.net/blog/working_hard_has_always_been_the_key_to_success/index.html]
[4writers.net/blog/wp-json/wp/v2/posts/815.json]
[4writers.net/blog/becoming_a_full-time_freelance_writer_from_being_part-time/feed/index.html]
[4writers.net/blog/wp-json/oembed/1.0/embed6940.json]
[4writers.net/blog/wp-json/oembed/1.0/embed4d75]
[4writers.net/blog/becoming_a_full-time_freelance_writer_from_being_part-time/index.html]
[4writers.net/blog/wp-json/wp/v2/posts/814.json]
[4writers.net/blog/writing_those_science_papers/feed/index.html]
[4writers.net/blog/wp-json/oembed/1.0/embed4af8.json]
[4writers.net/blog/wp-json/oembed/1.0/embed0a42]
[4writers.net/blog/writing_those_science_papers/index.html]
[4writers.net/blog/wp-json/wp/v2/posts/812.json]
[4writers.net/blog/what_comes_after_starting_a_career_as_a_freelance_writer/feed/index.html]
[4writers.net/blog/wp-json/oembed/1.0/embedda04.json]
[4writers.net/blog/wp-json/oembed/1.0/embed649b]
[4writers.net/blog/what_comes_after_starting_a_career_as_a_freelance_writer/index.html]
[4writers.net/blog/wp-json/wp/v2/posts/811.json]
[4writers.net/blog/dealing_with_revisions_as_a_freelance_writer/feed/index.html]
[4writers.net/blog/wp-json/oembed/1.0/embed2887.json]
[4writers.net/blog/wp-json/oembed/1.0/embed739c]
[4writers.net/blog/dealing_with_revisions_as_a_freelance_writer/index.html]
[4writers.net/blog/wp-json/wp/v2/posts/808.json]
[4writers.net/blog/p_ignore_doubts_to_achieve_success_p/feed/index.html]
[4writers.net/blog/wp-json/oembed/1.0/embed24e1.json]
[4writers.net/blog/wp-json/oembed/1.0/embed28cb]
[4writers.net/blog/p_ignore_doubts_to_achieve_success_p/index.html]
[4writers.net/blog/the-ways-to-begin-the-concluding-paragraph/feed/index.html]
[4writers.net/blog/wp-json/wp/v2/posts/1193.json]
[4writers.net/blog/wp-json/oembed/1.0/embed0bec.json]
[4writers.net/blog/wp-json/oembed/1.0/embed4ea6]
[4writers.net/blog/wp-content/uploads/2017/08/12_4writers_The-Ways-to-Begin-the-Concluding-Paragraph.jpg]
[4writers.net/blog/the-ways-to-begin-the-concluding-paragraph/index.html]
[4writers.net/blog/wp-json/wp/v2/posts/1187.json]
[4writers.net/blog/advice-on-how-to-proofread-the-work-you-have-written/feed/index.html]
[4writers.net/blog/wp-json/oembed/1.0/embedb316.json]
[4writers.net/blog/wp-json/oembed/1.0/embedb84d]
[4writers.net/blog/wp-content/uploads/2017/08/4writers_Advice-on-How-to-Proofread-the-Work_rewritten.jpg]
[4writers.net/blog/advice-on-how-to-proofread-the-work-you-have-written/index.html]
[4writers.net/blog/wp-json/wp/v2/posts/1175.json]
[4writers.net/blog/how-to-structure-an-expository-essay-properly/feed/index.html]
[4writers.net/blog/wp-json/oembed/1.0/embed953d.json]
[4writers.net/blog/wp-json/oembed/1.0/embed5610]
[4writers.net/blog/wp-content/uploads/2017/07/4writers-Expository-Essays.jpg]
[4writers.net/blog/how-to-structure-an-expository-essay-properly/index.html]
[4writers.net/blog/wp-json/wp/v2/posts/1170.json]
[4writers.net/blog/wp-json/oembed/1.0/embedd8b8.json]
[4writers.net/blog/how-to-write-an-excellent-argumentative-essay/feed/index.html]
[4writers.net/blog/wp-json/oembed/1.0/embed1ebb]
[4writers.net/blog/wp-content/uploads/2017/07/4..jpg]
[4writers.net/blog/how-to-write-an-excellent-argumentative-essay/index.html]
[4writers.net/blog/wp-json/wp/v2/posts/915.json]
[4writers.net/blog/challenges-writers-face-while-writing/feed/index.html]
[4writers.net/blog/wp-json/oembed/1.0/embed15e6.json]
[4writers.net/blog/wp-json/oembed/1.0/embed795b]
[4writers.net/blog/wp-content/uploads/2016/09/Challenges-Writers-Face-while-Writing.jpg]
[4writers.net/blog/challenges-writers-face-while-writing/index.html]
[4writers.net/blog/wp-json/wp/v2/posts/905.json]
[4writers.net/blog/time-management-as-a-key-point-for-successful-essay-writing/feed/index.html]
[4writers.net/blog/wp-json/oembed/1.0/embed412e.json]
[4writers.net/blog/wp-json/oembed/1.0/embed3f5b]
[4writers.net/blog/wp-content/uploads/2016/09/Time-Management-as-a-Key-Point-of-Successful-Essays.jpg]
[4writers.net/blog/time-management-as-a-key-point-for-successful-essay-writing/index.html]
[4writers.net/blog/wp-json/wp/v2/posts/1059.json]
[4writers.net/blog/writing-can-be-fun-tips-to-boost-your-desire-to-write/feed/index.html]
[4writers.net/blog/wp-json/oembed/1.0/embed5824.json]
[4writers.net/blog/wp-json/oembed/1.0/embed9843]
[4writers.net/blog/wp-content/uploads/2016/11/4writers_Writing-Can-Be-Fun-Tips-to-Boost-Your-Desire-to-Write-1024x714.jpg]
[4writers.net/blog/writing-can-be-fun-tips-to-boost-your-desire-to-write/index.html]
[4writers.net/blog/wp-json/wp/v2/posts/1044.json]
[4writers.net/blog/why-being-a-freelance-writer-is-a-good-option/feed/index.html]
[4writers.net/blog/wp-json/oembed/1.0/embed7522.json]
[4writers.net/blog/wp-json/oembed/1.0/embedd4af]
[4writers.net/blog/wp-content/uploads/2016/10/4writers_Why-Being-a-Freelance-Writer-Is-a-Good-Option-1024x757.jpg]
[4writers.net/blog/why-being-a-freelance-writer-is-a-good-option/index.html]
[4writers.net/blog/wp-json/wp/v2/posts/918.json]
[4writers.net/blog/wp-json/oembed/1.0/embed39ea.json]
[4writers.net/blog/how-to-use-your-writing-talent-to-earn-money/feed/index.html]
[4writers.net/blog/wp-json/oembed/1.0/embed529b]
[4writers.net/blog/wp-content/uploads/2016/09/How-to-Use-Your-Writing-Talent-to-Earn-Money-1024x735.png]
[4writers.net/blog/how-to-use-your-writing-talent-to-earn-money/index.html]
[4writers.net/blog/getting_extra_income_with_freelance_writing/feed/index.html]
[4writers.net/blog/wp-json/wp/v2/posts/861.json]
[4writers.net/blog/wp-json/oembed/1.0/embedff2e.json]
[4writers.net/blog/wp-json/oembed/1.0/embeda695]
[4writers.net/blog/getting_extra_income_with_freelance_writing/index.html]
[4writers.net/blog/wp-json/wp/v2/posts/2682.json]
[4writers.net/blog/a-good-introduction-is-vastly-important-in-academic-writing/feed/index.html]
[4writers.net/blog/wp-json/oembed/1.0/embed8f69.json]
[4writers.net/blog/wp-json/oembed/1.0/embed7be6]
[4writers.net/blog/wp-content/uploads/2021/08/Strong-Introduction-771x1024.jpg]
[4writers.net/blog/a-good-introduction-is-vastly-important-in-academic-writing/index.html]
[4writers.net/blog/wp-json/wp/v2/posts/2638.json]
[4writers.net/blog/wp-json/oembed/1.0/embedf88d.json]
[4writers.net/blog/wp-json/oembed/1.0/embed15fa]
[4writers.net/blog/effective-transition-terms-in-academic-papers/feed/index.html]
[4writers.net/blog/wp-content/uploads/2021/07/Transitions.jpg]
[4writers.net/blog/effective-transition-terms-in-academic-papers/index.html]
[4writers.net/blog/wp-json/wp/v2/posts/2622.json]
[4writers.net/blog/writing-a-peer-response-efficient-tips-and-suggestions/feed/index.html]
[4writers.net/blog/wp-json/oembed/1.0/embeda01a.json]
[4writers.net/blog/wp-json/oembed/1.0/embede5be]
[4writers.net/blog/wp-content/uploads/2021/06/Peer-Response.jpg]
[4writers.net/blog/writing-a-peer-response-efficient-tips-and-suggestions/index.html]
[4writers.net/blog/wp-json/wp/v2/posts/2582.json]
[4writers.net/blog/the-importance-of-spelling-boost-your-writing-talent/feed/index.html]
[4writers.net/blog/wp-json/oembed/1.0/embed1530.json]
[4writers.net/blog/wp-json/oembed/1.0/embed4c9c]
[4writers.net/blog/wp-content/uploads/2021/06/Spelling.jpg]
[4writers.net/blog/the-importance-of-spelling-boost-your-writing-talent/index.html]
[4writers.net/blog/wp-json/wp/v2/posts/2542.json]
[4writers.net/blog/an-annotated-bibliography-and-a-literature-review/feed/index.html]
[4writers.net/blog/wp-json/oembed/1.0/embede174.json]
[4writers.net/blog/wp-json/oembed/1.0/embed56d3]
[4writers.net/blog/wp-content/uploads/2021/05/Lit-Rev-VS-Annot-Bib.jpg]
[4writers.net/blog/an-annotated-bibliography-and-a-literature-review/index.html]
[4writers.net/blog/wp-json/wp/v2/posts/2522.json]
[4writers.net/blog/how-to-choose-the-best-sources-for-your-paper/feed/index.html]
[4writers.net/blog/wp-json/oembed/1.0/embedadf9.json]
[4writers.net/blog/wp-json/oembed/1.0/embed417a]
[4writers.net/blog/wp-content/uploads/2021/05/CREDIBLE-SOURCES.jpg]
[4writers.net/blog/how-to-choose-the-best-sources-for-your-paper/index.html]
[4writers.net/blog/wp-json/wp/v2/posts/2498.json]
[4writers.net/blog/how-to-write-a-good-outline-for-an-academic-paper/feed/index.html]
[4writers.net/blog/wp-json/oembed/1.0/embedc9db.json]
[4writers.net/blog/wp-json/oembed/1.0/embed2402]
[4writers.net/blog/wp-content/uploads/2021/04/Outline-writing.jpg]
[4writers.net/blog/how-to-write-a-good-outline-for-an-academic-paper/index.html]
[4writers.net/blog/index5705.html]
[4writers.net/advantages/manifest.html]
[4writers.net/advantages/files/icons/icon-192x192.html]
[4writers.net/faq/manifest.html]
[4writers.net/faq/files/icons/icon-192x192.html]
[4writers.net/blog/page/2/index.html]
[4writers.net/blog/wp-json/wp/v2/posts/1241.json]
[4writers.net/blog/5-reasons-why-proofreading-is-a-necessary-component-of-academic-writing/feed/index.html]
[4writers.net/blog/wp-json/oembed/1.0/embed92fd.json]
[4writers.net/blog/wp-json/oembed/1.0/embed95ef]
[4writers.net/blog/wp-content/uploads/2017/11/4writers-reasons-why-proofreading-is-an-essential-part-of-academic-writing.jpg]
[4writers.net/blog/5-reasons-why-proofreading-is-a-necessary-component-of-academic-writing/index.html]
[4writers.net/blog/wp-json/wp/v2/posts/1062.json]
[4writers.net/blog/how-to-write-an-annotated-bibliography/feed/index.html]
[4writers.net/blog/wp-json/oembed/1.0/embed90e5.json]
[4writers.net/blog/wp-json/oembed/1.0/embed2979]
[4writers.net/blog/wp-content/uploads/2016/11/4writers_How-to-Write-an-Annotated-Bibliography.jpg]
[4writers.net/blog/how-to-write-an-annotated-bibliography/index.html]
[4writers.net/blog/page/3/index.html]
[4writers.net/blog/page/19/index.html]
[4writers.net/photos/manifest.html]
[4writers.net/photos/files/icons/icon-192x192.html]
[4writers.net/feedbacks/manifest.html]
[4writers.net/feedbacks/files/icons/icon-192x192.html]
[4writers.net/feedbacks/page2/index.html]
[4writers.net/feedbacks/page3/index.html]
[4writers.net/feedbacks/page4/index.html]
[4writers.net/feedbacks/page5/index.html]
[4writers.net/employees/manifest.html]
[4writers.net/employees/files/icons/icon-192x192.html]
[4writers.net/feedback/index.html]
[4writers.net/blog/indexa32d.html]
[4writers.net/blog/index8f31.html]
[4writers.net/blog/index895e.html]
[4writers.net/blog/indexd4ce.html]
[4writers.net/blog/index3f90.html]
[4writers.net/blog/index4ab5.html]
[4writers.net/blog/index6996.html]
[4writers.net/blog/indexe83f.html]
[4writers.net/blog/wp-json/wp/v2/posts/2470.json]
[4writers.net/blog/wp-json/oembed/1.0/embedb366.json]
[4writers.net/blog/guidelines-on-proper-citation-in-academic-writing/feed/index.html]
[4writers.net/blog/wp-json/oembed/1.0/embed00fe]
[4writers.net/blog/wp-content/uploads/2021/04/In-text-citations.jpg]
[4writers.net/blog/guidelines-on-proper-citation-in-academic-writing/index.html]
[4writers.net/blog/objective-writing-professional-guidelines-and-tips/feed/index.html]
[4writers.net/blog/wp-json/wp/v2/posts/2446.json]
[4writers.net/blog/wp-json/oembed/1.0/embed68af.json]
[4writers.net/blog/wp-json/oembed/1.0/embed4d71]
[4writers.net/blog/wp-content/uploads/2021/03/OBJECTIVE-writing.jpg]
[4writers.net/blog/objective-writing-professional-guidelines-and-tips/index.html]
[4writers.net/blog/wp-json/wp/v2/posts/2426.json]
[4writers.net/blog/standards-of-academic-writing-effective-paragraphs/feed/index.html]
[4writers.net/blog/wp-json/oembed/1.0/embed4046.json]
[4writers.net/blog/wp-json/oembed/1.0/embede26c]
[4writers.net/blog/wp-content/uploads/2021/03/Paragraph.jpg]
[4writers.net/blog/standards-of-academic-writing-effective-paragraphs/index.html]
[4writers.net/blog/wp-json/wp/v2/posts/2406.json]
[4writers.net/blog/effective-use-of-common-tenses-in-academic-writing/feed/index.html]
[4writers.net/blog/wp-json/oembed/1.0/embed490a.json]
[4writers.net/blog/wp-json/oembed/1.0/embed2c7c]
[4writers.net/blog/wp-content/uploads/2021/02/Tenses2.jpg]
[4writers.net/blog/effective-use-of-common-tenses-in-academic-writing/index.html]
[4writers.net/blog/wp-json/wp/v2/posts/2382.json]
[4writers.net/blog/the-difference-between-the-active-and-passive-voice/feed/index.html]
[4writers.net/blog/wp-json/oembed/1.0/embed0331.json]
[4writers.net/blog/wp-json/oembed/1.0/embed2083]
[4writers.net/blog/wp-content/uploads/2021/02/Untitled.jpg]
[4writers.net/blog/the-difference-between-the-active-and-passive-voice/index.html]
[4writers.net/blog/wp-json/wp/v2/posts/2362.json]
[4writers.net/blog/concept-maps-for-idea-visualization-and-creating-relations/feed/index.html]
[4writers.net/blog/wp-json/oembed/1.0/embed857e.json]
[4writers.net/blog/wp-json/oembed/1.0/embedd750]
[4writers.net/blog/wp-content/uploads/2021/01/CONCEPT-MAP.jpg]
[4writers.net/blog/concept-maps-for-idea-visualization-and-creating-relations/index.html]
[4writers.net/blog/wp-json/wp/v2/posts/2342.json]
[4writers.net/blog/how-to-write-a-perfect-personal-response-essay/feed/index.html]
[4writers.net/blog/wp-json/oembed/1.0/embed8268.json]
[4writers.net/blog/wp-json/oembed/1.0/embeddcca]
[4writers.net/blog/wp-content/uploads/2021/01/Personal-response.jpg]
[4writers.net/blog/how-to-write-a-perfect-personal-response-essay/index.html]
[4writers.net/blog/index76da.html]
[4writers.net/blog/indexcf93.html]
[4writers.net/blog/indexf4ae.html]
[4writers.net/blog/indexc17f.html]
[4writers.net/blog/indexd0f6.html]
[4writers.net/blog/index5d7e.html]
[4writers.net/blog/index094a.html]
[4writers.net/blog/indexe5c7.html]
[4writers.net/blog/indexe398.html]
[4writers.net/blog/index3eda.html]
[4writers.net/blog/index4e02.html]
[4writers.net/blog/index2ec5.html]
[4writers.net/blog/indexef2e.html]
[4writers.net/blog/indexbe7c.html]
[4writers.net/blog/index9aa6.html]
[4writers.net/blog/index5d2a.html]
[4writers.net/blog/indexe6cc.html]
[4writers.net/blog/index07cd.html]
[4writers.net/blog/index03b0.html]
[4writers.net/blog/index8973.html]
[4writers.net/blog/index13b6.html]
[4writers.net/blog/index5f81.html]
[4writers.net/blog/index2bd3.html]
[4writers.net/blog/indexe1af.html]
[4writers.net/blog/wp-json/wp/v2/posts/938.json]
[4writers.net/blog/how-to-structure-your-essay-properly/feed/index.html]
[4writers.net/blog/wp-json/oembed/1.0/embed45c0.json]
[4writers.net/blog/wp-json/oembed/1.0/embed6f36]
[4writers.net/blog/wp-content/uploads/2016/10/How-to-Structure-Your-Essay-Properly.jpg]
[4writers.net/blog/how-to-structure-your-essay-properly/index.html]
[4writers.net/blog/index8bae.html]
[4writers.net/blog/wp-json/wp/v2/posts/1203.json]
[4writers.net/blog/tips-for-simplifying-your-message/feed/index.html]
[4writers.net/blog/wp-json/oembed/1.0/embeda6a0.json]
[4writers.net/blog/wp-json/oembed/1.0/embed6236]
[4writers.net/blog/wp-content/uploads/2017/09/14_4writers.jpg]
[4writers.net/blog/tips-for-simplifying-your-message/index.html]
[4writers.net/blog/indexaaad.html]
[4writers.net/blog/index4d54.html]
[4writers.net/blog/index69b3.html]
[4writers.net/blog/indexe897.html]
[4writers.net/blog/index38ce.html]
[4writers.net/blog/handy-tips-on-how-to-write-an-argumentative-essay/feed/index.html]
[4writers.net/blog/wp-json/wp/v2/posts/1630.json]
[4writers.net/blog/wp-json/oembed/1.0/embed9914.json]
[4writers.net/blog/wp-json/oembed/1.0/embed16c5]
[4writers.net/blog/wp-content/uploads/2018/11/2What-skills-are-required-for-academic-writing_800x600.jpg]
[4writers.net/blog/handy-tips-on-how-to-write-an-argumentative-essay/index.html]
[4writers.net/blog/index6c69.html]
[4writers.net/blog/index942e.html]
[4writers.net/feedbacks/page2/manifest.html]
[4writers.net/feedbacks/page2/files/icons/icon-192x192.html]
[4writers.net/feedbacks/page3/manifest.html]
[4writers.net/feedbacks/page3/files/icons/icon-192x192.html]
[4writers.net/feedbacks/page4/manifest.html]
[4writers.net/feedbacks/page4/files/icons/icon-192x192.html]
[4writers.net/feedbacks/page5/manifest.html]
[4writers.net/feedbacks/page5/files/icons/icon-192x192.html]
[4writers.net/blog/index48aa.html]
[4writers.net/blog/wp-json/wp/v2/posts/1084.json]
[4writers.net/blog/how-to-learn-academic-citation-styles-quickly/feed/index.html]
[4writers.net/blog/wp-json/oembed/1.0/embed99e5.json]
[4writers.net/blog/wp-json/oembed/1.0/embed359b]
[4writers.net/blog/wp-content/uploads/2016/12/4writers_How-to-Learn-Academic-Citation-Styles-Quickly.jpg]
[4writers.net/blog/how-to-learn-academic-citation-styles-quickly/index.html]
[4writers.net/blog/index574f.html]
[4writers.net/blog/wp-json/wp/v2/posts/2278.json]
[4writers.net/blog/avoiding-bias-in-writing-essentials/feed/index.html]
[4writers.net/blog/wp-json/oembed/1.0/embede1fa.json]
[4writers.net/blog/wp-json/oembed/1.0/embedd00c]
[4writers.net/blog/wp-content/uploads/2020/11/bias-free.jpg]
[4writers.net/blog/avoiding-bias-in-writing-essentials/index.html]
[4writers.net/blog/index9327.html]
[4writers.net/blog/wp-json/wp/v2/posts/1022.json]
[4writers.net/blog/topic-sentence-a-plan-for-writing/feed/index.html]
[4writers.net/blog/wp-json/oembed/1.0/embedfaa4.json]
[4writers.net/blog/wp-json/oembed/1.0/embedae58]
[4writers.net/blog/wp-content/uploads/2016/10/Topic-Sentence-A-Plan-for-Writing.jpg]
[4writers.net/blog/topic-sentence-a-plan-for-writing/index.html]
[4writers.net/blog/indexf425.html]
[4writers.net/blog/index1c8c.html]
[4writers.net/blog/indexfa5a.html]
[4writers.net/blog/indexeeae.html]
[4writers.net/blog/indexefce.html]
[4writers.net/blog/indexb849.html]
[4writers.net/blog/index325f.html]
[4writers.net/blog/index8e49.html]
[4writers.net/blog/indexb6be.html]
[4writers.net/blog/indexb703.html]
